cscope 15 $HOME/working/program/c/hello -q 0000000004 0000000170
	@hello.c

1 
	~<¡dio.h
>

3 
	$maš
()

5 
num
 = 55;

7 
	`´štf
("h–lo: %d\n", 
num
);

10 
	}
}

	@
1
.
0
1
8
hello.c
