cscope 15 $HOME/working/program/c/fscanf -q 0000000019 0000000576
	@fscanf.c

1 
	~<¡dio.h
>

2 
	~<¡dlib.h
>

3 
	~<¡ršg.h
>

4 
	~<uni¡d.h
>

13 
	$maš
(
agrc
, *
agrv
[])

15 
¹
 = 0;

16 
pid
 = -1;

17 
buf
[128] = {0};

18 
FILE
 *
å
 = 
NULL
;

20 ià((
å
 = 
	`fÝ’
("t.txt", "r")è=ð
NULL
)  -1;

21 
	`fg‘s
(
buf
, (buf), 
å
è!ð
NULL
)

23 ià(
	`¡r¡r
(
buf
, "Pid"è!ð
NULL
)

25 
	`´štf
("11: %s\n", 
buf
);

29 ià(
	`fsÿnf
(
å
, "PPid:%d", &
pid
) == -1)  -1;

30 
	`´štf
("µid: %d\n", 
pid
);

31 ià(
å
 !ð
NULL
 )
	`fþo£
(fp);

33  
¹
;

34 
	}
}

	@
1
.
0
1
9
fscanf.c
