cscope 15 $HOME/working/program/c/void_test -q 0000000037 0000001118
	@void_test.c

1 
	~<¡dio.h
>

2 
	~<¡dlib.h
>

3 
	~<¡ršg.h
>

4 
	~<uni¡d.h
>

5 
	~<fúŽ.h
>

6 
	~<sys/ty³s.h
>

7 
	~<sys/¡©.h
>

8 
	~<sigÇl.h
>

9 
	~<±h»ad.h
>

10 
	~<£m­hÜe.h
>

11 
	~<¡dboÞ.h
>

12 
	~<sys/sysšfo.h
>

13 
	~<sys/”ºo.h
>

14 
	~<sys/wa™.h
>

15 
	~<sys/£Ëù.h
>

16 
	~<g‘Ýt.h
>

17 
	~<time.h
>

22 
	#DEBUG_ERROR
(...) \

24 
	`årštf
(
¡d”r
, "\033[1;35m[ Function %s ] [†ine %d ] \033[0m", \

25 
__func__
, 
__LINE__
); \

26 
	`årštf
(
¡d”r
, ##
__VA_ARGS__
); \

27 
	`årštf
(
¡d”r
, "\n"); \

28 } 0);

	)

33 
	$‹¡
(*
š
, *
out
)

35 *
p
 = 
š
;

36 
	`´štf
("p=%s\n", 
p
);

37 *
µ
 = (*)
out
;

39 ià(
š
 =ð
NULL
) ;

41 
p
 = 
	`¡¹ok
(p, ",");

42 
p
 !ð
NULL
) {

43 
	`´štf
("p=%s\n", 
p
);

45 
p
 = 
	`¡¹ok
(
NULL
, ";");

46 
µ
++;

48 
	}
}

53 
	$maš
(
agrc
, *
agrv
[])

55 
¹
 = 0;

56 *
¬r
[10] = {0};

57 **
p
 = 
¬r
;

58 
i
 = 0;

60 
	`‹¡
("1,2,3,4", (*)
p
);

62 
i
 = 0; i < 4; i++)

63 
	`´štf
("%d ", *
¬r
[
i
]);

64 
	`´štf
("\n");

66  
¹
;

67 
	}
}

	@
1
.
0
1
12
void_test.c
