cscope 15 $HOME/working/program/c/sscanf -q 0000000014 0000000398
	@sscanf.c

4 
	~<¡dio.h
>

5 
	~<¡dlib.h
>

6 
	~<¡ršg.h
>

7 
	~<uni¡d.h
>

16 
	$maš
(
agrc
, *
agrv
[])

18 
¹
 = 0;

19 
buf
[128] = {0};

20 *
p
 = 
agrv
[1];

21 ià(
p
 !ð
NULL
)

23 *
p
 != '\0')…++;

24 
	`ssÿnf
(
agrv
[1], "{{%s}" , 
buf
);

26 ià(
	`¡¾’
(
buf
)è
	`´štf
("%s\n", buf);

28  
¹
;

29 
	}
}

	@
1
.
0
1
9
sscanf.c
