cscope 15 $HOME/working/program/c/fib -q 0000000062 0000004520
	@fib_algor.c

1 
	~"fib_Æg‹.h
"

3 
	$fib1
(
n
)

5 
sum
 = 1;

6 
sum_bak
 = 1;

7 
¥e
 = -1;

9 i‡(
n
 < 0)  -1;

11 
n
-- >= 0)

13 
sum_bak
 = 
sum
;

14 
sum
 +
¥e
;

15 i‡(
sum
 < 0)  -2;

16 
¥e
 = 
sum_bak
;

19  
sum
;

20 
	}
}

22 
	$fib2
(
n
)

24 
sum
 = 1;

25 
sum_bak
 = 1;

26 
¥e
 = -1;

28 i‡(
n
 < 0)  -1;

30 
n
-- >= 0)

32 
sum_bak
 = 
sum
;

33 
sum
 +
¥e
;

34 i‡(
sum
 < 0)  -2;

35 
¥e
 = 
sum_bak
;

38  
sum
;

39 
	}
}

	@fib_algor.h

1 
	~<°dio.h
>

3 
	#ALGOR_NUM
 1

	)

4 
	#ALGOR_VERSION1
 "v1.0"

	)

5 
	#ALGOR_VERSION2
 "v1.0"

	)

6 
	#ALGOR_VERSION3
 "v1.0"

	)

7 
	#ALGOR_CREATE_TIME1
 "2015-07-21"

	)

8 
	#ALGOR_CREATE_TIME2
 "2015-07-21"

	)

9 
	#ALGOR_CREATE_TIME3
 "2015-07-21"

	)

10 
	#PRINT_VER
(
n
Ë
	`¥ötf
("%s\n", 
ALGOR_VERSION
##n)

	)

11 
	#PRINT_VER_INFO
(
n
) \

12 
	`¥ötf
("alg-%d: %s @ %s by Antonio An\n", \

13 
n
, 
ALGOR_VERSION
##n, \

14 
ALGOR_CREATE_TIME
##
n
)

	)

16 
fib1
(
n
);

17 
fib2
(
n
);

	@fib_log.c

1 
	~"fib_log.h
"

3 
FILE
 *
	gÂ
 = 
NULL
;

12 
	$fib_log_öô
(c⁄° *
∑th
)

14 i‡(
∑th
 =
NULL
)  -1;

15 i‡((
Â
 = 
	`f›í
(
∑th
, "w")Ë=
NULL
)  -1;

18 
	}
}

23 
	$fib_log_deöô
()

25 i‡(
Â
 !
NULL
Ë
	`f˛o£
(fp);

26 
Â
 = 
NULL
;

29 
	}
}

38 
	$fib_log_wrôe
(c⁄° *
°r
)

40 i‡(!
	`Âuts
(
°r
, 
Â
))  0;

43 
	}
}

	@fib_log.h

1 
	~<°dio.h
>

10 
fib_log_öô
(c⁄° *
∑th
);

15 
fib_log_deöô
();

24 
fib_log_wrôe
(c⁄° *
°r
);

	@main.c

1 
	~<°dio.h
>

2 
	~<°dlib.h
>

3 
	~<°rög.h
>

4 
	~<uni°d.h
>

5 
	~<gë›t.h
>

6 
	~"fib_log.h
"

7 
	~"fib_Æg‹.h
"

10 
	gÆg‹_num
 = 0;

11 
	glog_∑th
[128] = {0};

12 
	gt_Êag
 = 0;

22 
¥öt_ußge
();

23 
∑r£r_¨gs
(
agrc
, *
agrv
[]);

25 
	$fib
(
Æg‹_num
, 
n
)

27 
π
 = 0;

29 
Æg‹_num
)

32 
π
 = 
	`fib1
(
n
);

35 
π
 = 
	`fib2
(
n
);

41  
π
;

42 
	}
}

47 
	$maö
(
agrc
, *
agrv
[])

49 
π
 = 0;

50 
n
 = -3;

51 
buf
[128] = {0};

56 i‡(
	`∑r£r_¨gs
(
agrc
, 
agrv
) < 0) {

57 
	`¥öt_ußge
();

58 
π
 = -1;

59 
îr‹
;

62 i‡(!
t_Êag
)  0;

64 i‡(
t_Êag
 && 
	`°æí
(
log_∑th
) < 1)

66 
	`¥öt_ußge
();

67 
îr‹
;

74 
	`fib_log_öô
(
log_∑th
);

76 (
π
 = 
	`fib
(
Æg‹_num
, 
n
++)) != -2)

78 
	`•rötf
(
buf
, "fib %d = %Œd\n", 
n
 - 1, 
π
);

79 
	`fib_log_wrôe
(
buf
);

80 
	`u¶ìp
(200);

83 
îr‹
:

87 
	`fib_log_deöô
();

93  
π
;

94 
	}
}

99 
	$¥öt_ußge
()

101 
	`¥ötf
("\033[0;31m/********************Program Usage***********************/\033[0m\n");

102 
	`¥ötf
("\033[0;31m(c) Copyright 2015, Sercomm. AllÑightsÑeserved.\033[0m\n");

103 
	`¥ötf
("\033[0;31mfib %†(f‹ LöuxË@ 2015-07-21 desig√d by A¡⁄iÿAn\033[0m\n\n", 
ALGOR_VERSION1
);

104 
	`¥ötf
("\033[0;31mBrief : \033[0;32mThe maximum value forÅheÑeality inÅhe Fibonacci\033[0m\n");

105 
	`¥ötf
("\033[0;31m \033[0;32m sequence canáchieve\033[0m\n");

106 
	`¥ötf
("\033[0;31mUsage : \033[0;32m\033[0m\n");

107 
	`¥ötf
("\033[0;31m \033[0;32mfib -n <number>\033[0m\n");

108 
	`¥ötf
("\033[0;31m \033[0;32mfib -t <alg #> -f <filename>\033[0m\n");

109 
	`¥ötf
("\033[0;31m \033[0;32mfib -[hTvV]\033[0m\n");

110 
	`¥ötf
("\033[0;31mParam : \033[0m\n");

111 
	`¥ötf
("\033[0;31m \033[0;32m-f --file TheÜog fileÅo be writed\033[0m\n");

112 
	`¥ötf
("\033[0;31m \033[0;32m-h --help Show help information\033[0m\n");

113 
	`¥ötf
("\033[0;31m \033[0;32m-t Testálgorithm #, outputÅo file\033[0m\n");

114 
	`¥ötf
("\033[0;31m \033[0;32m-v Show simple versionÇumber\033[0m\n");

115 
	`¥ötf
("\033[0;31m \033[0;32m-V Show detail version information\033[0m\n");

116 
	`¥ötf
("\033[0;31m/********************Program Usage***********************/\033[0m\n");

117 
	}
}

128 
	$∑r£r_¨gs
(
agrc
, *
agrv
[])

130 
›t
 = 0;

131 c⁄° *
›t°r
 = "hvVTf:t:n:";

132 
›ti⁄
 
›ts
[] = {

133 { "hñp" , 
no_¨gumít
 , 0, 'h'},

134 { 
NULL
 , 
ªquúed_¨gumít
, 0, 'n'},

135 { 
NULL
 , 
ªquúed_¨gumít
, 0, 'T'},

136 { 
NULL
 , 
ªquúed_¨gumít
, 0, 't'},

137 { "fûe" , 
ªquúed_¨gumít
, 0, 'f'},

138 { 
NULL
 , 
ªquúed_¨gumít
, 0, 'v'},

142  ( 
›t
 = 
	`gë›t_l⁄g
–
agrc
, 
agrv
, 
›t°r
, 
›ts
, 
NULL
 ) ) != -1 ) {

143 
›t
) {

145 
	`¥öt_ußge
();

148 
	`PRINT_VER
(1);

151 
	`PRINT_VER_INFO
(1);

154 
	`°r˝y
(
log_∑th
, 
›èrg
);

157 i‡(
›èrg
 !
NULL
)

158 
t_Êag
 = 1;

159 i‡(
agrv
[
›töd
] !
NULL
)

160 
Æg‹_num
 = 
	`©oi
(
agrv
[
›töd
]);

164 i‡(
›èrg
 !
NULL
)

165 
	`¥ötf
("num: %Œd\n", 
	`fib2
(
	`©oi
(
›èrg
)));

174 
	}
}

	@
1
.
0
5
51
fib_algor.c
fib_algor.h
fib_log.c
fib_log.h
main.c
