cscope 15 $HOME/working/program/c/define_struct_member -q 0000000042 0000002065
	@define_struct_member.c

1 
	~<°dio.h
>

2 
	~<°dlib.h
>

3 
	~<°rög.h
>

4 
	~<uni°d.h
>

5 
	~<f˙é.h
>

6 
	~<sys/ty≥s.h
>

7 
	~<sys/°©.h
>

8 
	~<sig«l.h
>

9 
	~<±hªad.h
>

10 
	~<£m≠h‹e.h
>

11 
	~<°dboﬁ.h
>

12 
	~<sys/sysöfo.h
>

13 
	~<sys/î∫o.h
>

14 
	~<sys/waô.h
>

15 
	~<sys/£À˘.h
>

16 
	~<gë›t.h
>

17 
	~<time.h
>

18 
	~<cfg.h
>

23 
	#DEBUG_ERROR
(...) \

25 
	`Ârötf
(
°dîr
, "\033[1;35m[ Function %s ] [Üine %d ] \033[0m", \

26 
__func__
, 
__LINE__
); \

27 
	`Ârötf
(
°dîr
, ##
__VA_ARGS__
); \

28 
	`Ârötf
(
°dîr
, "\n"); \

29 } 0);

	)

34 
¥öt_ußge
();

35 
∑r£r_¨gs
(
agrc
, *
agrv
[]);

40 
	$maö
(
agrc
, *
agrv
[])

42 
π
 = 0;

47 i‡(
	`∑r£r_¨gs
(
agrc
, 
agrv
) < 0) {

48 
	`¥öt_ußge
();

49 
π
 = -1;

50 
îr‹
;

53 
îr‹
:

59 
	}
}

64 
	$¥öt_ußge
()

66 
	`¥ötf
("\033[0;31m/********************Program Usage***********************/\033[0m\n");

67 
	`¥ötf
("\033[0;31mFûê : %s\033[0m\n", 
__FILE__
);

68 
	`¥ötf
("\033[0;31mVers : 1.0.0\033[0m\n");

69 
	`¥ötf
("\033[0;31mTime : 2015.06.04\033[0m\n");

70 
	`¥ötf
("\033[0;31mBrief : \033[0m\n");

71 
	`¥ötf
("\033[0;31mUsage : -f <file_name> -o <output_name>\033[0m\n");

72 
	`¥ötf
("\033[0;31mParam : \033[0m\n");

73 
	`¥ötf
("\033[0;31m -f --fileÅhe CDR fileÅo be decoded\033[0m\n");

74 
	`¥ötf
("\033[0;31m -o --outputÅhe output file inÖlainÅext format\033[0m\n");

75 
	`¥ötf
("\033[0;31m/********************Program Usage***********************/\033[0m\n");

76 
	}
}

87 
	$∑r£r_¨gs
(
agrc
, *
agrv
[])

89 
›t
 = 0;

90 c⁄° *
›t°r
 = "hf:o";

91 
›ti⁄
 
›ts
[] = {

92 { "hñp" , 
no_¨gumít
 , 0, 'h'},

93 { "fûe" , 
ªquúed_¨gumít
, 0, 'f'},

94 { "ouçut" , 
no_¨gumít
 , 0, 'o'},

98 i‡(
agrc
 < 2)  -1;

100  ( 
›t
 = 
	`gë›t_l⁄g
–
agrc
, 
agrv
, 
›t°r
, 
›ts
, 
NULL
 ) ) != -1 ) {

101 
›t
) {

106 
	`¥ötf
("I≈uàfûêi†%s.\n", 
›èrg
);

109 
	`¥ötf
("Ouçuàfûêi†%s.\n", 
›èrg
);

112 
	`¥ötf
("Keyw‹d i†%s.\n", 
›èrg
);

121 
	}
}

	@
1
.
0
1
23
define_struct_member.c
