cscope 15 $HOME/working/program/c/strfind -q 0000000034 0000000952
	@strfind.c

1 
	~<¡dio.h
>

2 
	~<¡dlib.h
>

3 
	~<¡ršg.h
>

4 
	~<uni¡d.h
>

5 
	~<fúŽ.h
>

6 
	~<sys/ty³s.h
>

7 
	~<sys/¡©.h
>

8 
	~<sigÇl.h
>

9 
	~<±h»ad.h
>

10 
	~<£m­hÜe.h
>

11 
	~<¡dboÞ.h
>

12 
	~<sys/sysšfo.h
>

13 
	~<sys/”ºo.h
>

14 
	~<sys/wa™.h
>

15 
	~<sys/£Ëù.h
>

16 
	~<g‘Ýt.h
>

17 
	~<time.h
>

22 
	#DEBUG_ERROR
(...) \

24 
	`årštf
(
¡d”r
, "\033[1;35m[ Function %s ] [†ine %d ] \033[0m", \

25 
__func__
, 
__LINE__
); \

26 
	`årštf
(
¡d”r
, ##
__VA_ARGS__
); \

27 
	`årštf
(
¡d”r
, "\n"); \

28 } 0);

	)

37 
	$maš
(
agrc
, *
agrv
[])

39 
¹
 = 0;

40 
buf
[128] = {0};

41 
¡r
[]= "0,eth0;0,eth2.17;1,eth0;";

43 ià(
agrv
[1] =ð
NULL
 || 
	`¡¾’
×grv[1]è<ð0 || 
	`¡r¡r
(
¡r
,‡grv[1]è=ðNULLè
	`´štf
("can't found.\n");

44 
	`´štf
("found\n");

46 
	`¡rÿt
(
buf
, "hello\n");

47 
	`´štf
("%s", 
buf
);

49  
¹
;

50 
	}
}

	@
1
.
0
1
10
strfind.c
