cscope 15 $HOME/working/program/c/pointer -q 0000000031 0000000829
	@pointer.c

1 
	~<¡dio.h
>

2 
	~<¡dlib.h
>

3 
	~<¡ršg.h
>

4 
	~<uni¡d.h
>

5 
	~<fúŽ.h
>

6 
	~<sys/ty³s.h
>

7 
	~<sys/¡©.h
>

8 
	~<sigÇl.h
>

9 
	~<±h»ad.h
>

10 
	~<£m­hÜe.h
>

11 
	~<¡dboÞ.h
>

12 
	~<sys/sysšfo.h
>

13 
	~<sys/”ºo.h
>

14 
	~<sys/wa™.h
>

15 
	~<sys/£Ëù.h
>

16 
	~<g‘Ýt.h
>

17 
	~<time.h
>

22 
	#DEBUG_ERROR
(...) \

24 
	`årštf
(
¡d”r
, "\033[1;35m[ Function %s ] [†ine %d ] \033[0m", \

25 
__func__
, 
__LINE__
); \

26 
	`årštf
(
¡d”r
, ##
__VA_ARGS__
); \

27 
	`årštf
(
¡d”r
, "\n"); \

28 } 0);

	)

37 
	$maš
(
agrc
, *
agrv
[])

39 
¹
 = 0;

40 
a
[] = {1,2,3,4,5};

41 *
µ
 = 
a
;

42 **
p
 = &
µ
;

44 
	`´štf
("*°ð%d\n", **
p
);

45 
	`´štf
("*p++ = %d\n", *(++*
p
));

47  
¹
;

48 
	}
}

	@
1
.
0
1
10
pointer.c
