cscope 15 $HOME/working/program/c/arg -q 0000000030 0000000759
	@arg.c

1 
	~<¡dio.h
>

2 
	~<¡dlib.h
>

3 
	~<¡ršg.h
>

4 
	~<uni¡d.h
>

5 
	~<fúŽ.h
>

6 
	~<sys/ty³s.h
>

7 
	~<sys/¡©.h
>

8 
	~<sigÇl.h
>

9 
	~<±h»ad.h
>

10 
	~<£m­hÜe.h
>

11 
	~<¡dboÞ.h
>

12 
	~<sys/sysšfo.h
>

13 
	~<sys/”ºo.h
>

14 
	~<sys/wa™.h
>

15 
	~<sys/£Ëù.h
>

16 
	~<g‘Ýt.h
>

17 
	~<time.h
>

18 
	~<¡d¬g.h
>

20 
	#add
(
a
,
b
,...è× + b + 
__VA_ARGS__
)

	)

25 
	$‹¡
(
a
, 
b
, ...)

28 
·¿
 = 0;

29 *
¬g
 = &
b
;

34 
·¿
 = *(++
¬g
);

35 
	`´štf
("·¿ = %d\n", 
·¿
);

36 ià(
·¿
 < 0)…ara = 0;

37 
	`´štf
("sum = %d\n", 
a
 + 
b
 + 
·¿
);

40 
	}
}

46 
	$maš
(
agrc
, *
agrv
[])

48 
¹
 = 0;

50 
	`‹¡
(1, 2, 3);

53  
¹
;

54 
	}
}

	@
1
.
0
1
6
arg.c
