cscope 15 $HOME/working/program/c/getppid -q 0000000023 0000000828
	@bak/call.c

1 
	~<¡dio.h
>

2 
	~<¡dlib.h
>

3 
	~<¡ršg.h
>

4 
	~<uni¡d.h
>

13 
	$maš
(
agrc
, *
agrv
[])

15 
¹
 = 0;

20  
¹
;

21 
	}
}

	@getppid.c

1 
	~<¡dio.h
>

2 
	~<¡dlib.h
>

3 
	~<¡ršg.h
>

4 
	~<uni¡d.h
>

9 
	$g‘_·»Á_´oc_Çme
()

11 
buf
[64] = {0};

12 
cmd
[64] = {0};

13 
FILE
 *
å
 = 
NULL
;

14 
pid_t
 
pg½_id
 = 
	`g‘pg½
();

16 
	`´štf
("%d\n", 
pg½_id
);

17 
	`¥rštf
(
cmd
, "p -¨| g»°-v… | g»°%d |‡wk '{…ršˆ$4 }'", 
pg½_id
);

18 ià((
å
 = 
	`pÝ’
(
cmd
, "r")è=ð
NULL
)  -1;

20 if(
	`fg‘s
(
buf
, (buf), 
å
è!ð
NULL
) ;

21 
	`´štf
("Çme: %s\n", 
buf
);

23 ià(
	`¡¾’
(
buf
) > 0)  0;

25 
	}
}

30 
	$maš
(
agrc
, *
agrv
[])

32 
¹
 = 0;

34 
	`g‘_·»Á_´oc_Çme
();

35 
	`¦“p
 (30);

37  
¹
;

38 
	}
}

	@
1
.
0
2
21
bak/call.c
getppid.c
