cscope 15 $HOME/working/program/c/thread_test -q 0000000019 0000000587
	@thread_test.c

1 
	~<thªad.h
>

6 
	#DEBUG_ERROR
(...) \

8 
	`Ârötf
(
°dîr
, "\033[1;35m[ Function %s ] [Üine %d ] \033[0m", \

9 
__func__
, 
__LINE__
); \

10 
	`Ârötf
(
°dîr
, ##
__VA_ARGS__
); \

11 
	`Ârötf
(
°dîr
, "\n"); \

12 } 0);

	)

17 * 
	$echo
(*
¨g
)

21 
	`¥ötf
("echÿ%s\n", (*)
¨g
);

25  
NULL
;

26 
	}
}

31 
	$maö
(
agrc
, *
agrv
[])

33 
π
 = 0;

34 
thªad_t
 
t
 = {0};

36 
	`±hªad_°¨t
(&
t
, 
echo
, "1", 1, 0);

39 
	`±hªad_time_waô_ovî
(&
t
, 1000);

41  
π
;

42 
	}
}

	@
1
.
0
1
14
thread_test.c
