cscope 15 $HOME/working/program/c/wexitstatus -q 0000000014 0000000393
	@wexitstatus.c

4 
	~<¡dio.h
>

5 
	~<¡dlib.h
>

6 
	~<¡ršg.h
>

7 
	~<uni¡d.h
>

8 
	~<sys/ty³s.h
>

9 
	~<sys/wa™.h
>

18 
	$maš
(
agrc
, *
agrv
[])

20 
¹
 = 0;

22 ià(
agrv
[1] !ð
NULL
)

24 ià(
	`WEXITSTATUS
(
	`sy¡em
(
agrv
[1])))

25 
	`´štf
("succ\n");

26 
	`´štf
("fail\n");

29  
¹
;

30 
	}
}

	@
1
.
0
1
14
wexitstatus.c
