cscope 15 $HOME/working/program/c/match_ip -q 0000000021 0000000688
	@match_ip.c

1 
	~<°dio.h
>

2 
	~<°dlib.h
>

3 
	~<°rög.h
>

4 
	~<uni°d.h
>

5 
	~<¨∑/öë.h
>

14 
	$m©ch_ù
(c⁄° *
ù
)

16 
ªt
 = -1;

17 
cou¡
 = 0;

18 c⁄° *
p
 = 
ù
;

19 
ö_addr
 
addr
 = {0};

21 i‡(
p
 =
NULL
)  -1;

22 *
p
 != '\0')

24 i‡(*
p
 ='.'Ë
cou¡
++;

25 
p
++;

28 i‡(
cou¡
 != 3)  -1;

30 
addr
.
s_addr
 = 
	`öë_addr
(
ù
);

31 
ªt
 = 
	`öë_addr
(
	`öë_¡ﬂ
(
addr
));

33 i‡(
ªt
 == -1)  -1;

35 
	}
}

40 
	$maö
(
agrc
, *
agrv
[])

42 
π
 = 0;

44 
	`¥ötf
("ù: %s\n", 
agrv
[1]);

45 i‡(!
	`m©ch_ù
(
agrv
[1])Ë
	`¥ötf
("Yes\n");

46 
	`¥ötf
("No\n");

48  
π
;

49 
	}
}

	@
1
.
0
1
11
match_ip.c
