cscope 15 $HOME/working/program/c/srandom -q 0000000017 0000000467
	@srandom.c

4 
	~<¡dio.h
>

5 
	~<¡dlib.h
>

6 
	~<¡ršg.h
>

7 
	~<uni¡d.h
>

8 
	~<time.h
>

13 
	$¿nd_num
(
mš
, 
max
)

17  
	`¿ndom
(è% (
max
 - 
mš
) + min;

18 
	}
}

24 
	$maš
(
agrc
, *
agrv
[])

26 
¹
 = 0;

28 
	`¤ªdom
(()
	`time
(
NULL
));

29 
	`´štf
("rand‚um: \n");

30 
¹
++ < 100)

31 
	`´štf
("%d ", 
	`¿nd_num
(10,50));

33 
	`´štf
("\n");

35  
¹
;

36 
	}
}

	@
1
.
0
1
10
srandom.c
