cscope 15 $HOME/working/program/c/struct_addr_tets -q 0000000058 0000002326
	@struct_addr_tets.c

1 
	~<¡dio.h
>

2 
	~<¡dlib.h
>

3 
	~<¡ršg.h
>

4 
	~<uni¡d.h
>

5 
	~<fúŽ.h
>

6 
	~<sys/ty³s.h
>

7 
	~<sys/¡©.h
>

8 
	~<sigÇl.h
>

9 
	~<±h»ad.h
>

10 
	~<£m­hÜe.h
>

11 
	~<¡dboÞ.h
>

12 
	~<sys/sysšfo.h
>

13 
	~<sys/”ºo.h
>

14 
	~<sys/wa™.h
>

15 
	~<sys/£Ëù.h
>

16 
	~<g‘Ýt.h
>

17 
	~<time.h
>

22 
	#DEBUG_ERROR
(...) \

24 
	`årštf
(
¡d”r
, "\033[1;35m[ Function %s ] [†ine %d ] \033[0m", \

25 
__func__
, 
__LINE__
); \

26 
	`årštf
(
¡d”r
, ##
__VA_ARGS__
); \

27 
	`årštf
(
¡d”r
, "\n"); \

28 } 0);

	)

34 
	$memb”_£t
(*
id
, 
idËn
, *
v®ue
, 
vËn
)

36 
Ën
 = (
idËn
 < 
vËn
) ? idlen : vlen;

38 ià(
id
 =ð
NULL
 || 
v®ue
 == NULL) ;

40 
	`mem£t
(
id
, 0, 
idËn
);

41 
	`memýy
(
id
, 
v®ue
, 
Ën
);

44 
	}
}

46 
	#SET
(
ID
, 
BUF
, 
LEN
è
	`memb”_£t
(&(ID), (ID), BUF, LEN)

	)

47 
	#·r
(
i
è(
·r_
##i)

	)

48 
	#STR
(
x
è(#x)

	)

50 
	s´e


52 
	m__dœty
;

53 *
	m·r
;

56 
	s·r


58 
	m__dœty
;

59 *
	m·r
;

60 
	mid
;

61 
	mage
;

62 
	s·r_chl
 {

63 
	mid
;

64 
	mage
;

65 }
	m·r_chl
;

66 
	s·r_chl1
 {

67 
	m__dœty
;

68 *
	m·r
;

69 
	mid
;

70 
	mage
;

71 
	s·r_chl1_chl
 {

72 
	m__dœty
;

73 *
	m·r
;

74 
	mid
;

75 
	mage
;

76 }
	m·r_chl1_chl
;

78 
	s·r_chl1_chl1
 {

79 
	m__dœty
;

80 *
	m·r
;

81 
	mid
;

82 
	mage
;

83 }
	m·r_chl1_chl1
;

85 }
	m·r_chl1
;

86 }
	g·r
;

88 
	$£t_dœty
(*
id
)

90 
¹
 = 1;

91 *
·r
 = 
NULL
;

92 
´e
 *
p
 = 
NULL
;

93 ià(
id
 =ð
NULL
) ;

95 
·r
 = 
id
;

96 
·r
 !ð
NULL
)

98 
p
 = (
´e
 *)
·r
;

99 
	`memýy
(
p
, &
¹
, (rt));

100 
·r
 = 
p
->par;

104 
	}
}

106 
	s¡u


108 
	mid
;

109 
	mÇme
[20];

115 
	$maš
(
agrc
, *
agrv
[])

117 
¹
 = 10;

119 
¡u
 
¡
 = {

120 .
id
 = 1,

121 .
Çme
 = "anton"

124 
	`´štf
("¡u id: %d\n", 
¡
.
id
);

125 
	`´štf
("¡u‚ame: %s\n", 
¡
.
Çme
);

134 
·r
.·¸ð
NULL
;

137 
·r
.
·r_chl1
.par = (*)&par;

139 
·r
.
·r_chl1
.
·r_chl1_chl
.par = (*)&par.par_chl1;

141 
·r
.
·r_chl1
.
·r_chl1_chl1
.par = (*)&par.par_chl1;

145 
	`£t_dœty
(
·r
.
·r_chl1
.
·r_chl1_chl
.par);

148 
	`´štf
("·r.__dœty = %d\n", 
·r
.
__dœty
);

149 
	`´štf
("·r.·r_chl1.__dœty = %d\n", 
·r
.
·r_chl1
.
__dœty
);

151  
¹
;

152 
	}
}

	@
1
.
0
1
19
struct_addr_tets.c
