cscope 15 $HOME/working/program/c/list_test -q 0000000039 0000002475
	@list_test.c

1 
	~<°dio.h
>

2 
	~<°dlib.h
>

3 
	~<°rög.h
>

4 
	~<uni°d.h
>

9 
li°
 * 
	t∂i°
;

11 
	uli°_d©a


13 
	mc
;

14 
	mi
;

15 *
	mp
;

16 } 
	tli°_d©a
;

18 
	sli°


20 
li°_d©a
 
	md©a
;

22 
∂i°
 
	m√xt
;

23 } 
	tli°_t
;

28 
	$vÆue_£t
(
li°
 *
node
, *
d©a
, 
size
)

30 
	`mem˝y
(&
node
->
d©a
, d©a, 
size
);

31 
	}
}

33 
	$¥öt_li°
(
li°
 *
node
)

35 
∂i°
 
p
 = 
node
;

37 
p
 !
NULL
)

39 
	`¥ötf
("%d\n", 
p
->
d©a
.
i
);

40 
p
 =Ö->
√xt
;

44 
	}
}

46 
li°
 * 
	$li°_mÆloc
()

48 
∂i°
 
li°
 = (∂i°)
	`mÆloc
((list));

49 i‡(
li°
 =
NULL
)  NULL;

51 
	`bzîo
(
li°
, (list));

52  
li°
;

53 
	}
}

55 
	$dñ_li°
(
li°
 *
li°_hód
)

57 
∂i°
 
p
 = 
li°_hód
;

58 i‡(
p
 =
NULL
)  -1;

60 
p
 !
NULL
)

62 
	`‰ì
(
p
);

63 
p
 =Ö->
√xt
;

68 
	}
}

70 
li°
 * 
	$li°_add
(
li°
 *
li°_hód
, *
d©a
, 
size
)

72 
∂i°
 
p
 = 
li°_hód
;

73 
∂i°
 
≤ew
 = 
NULL
;

75 
p
 !
NULL
 &&Ö->
√xt
 != NULL)Ö =Ö->next;

76 
≤ew
 = 
	`li°_mÆloc
();

77 
	`vÆue_£t
(
≤ew
, 
d©a
, 
size
);

79 
≤ew
->
√xt
 = 
NULL
;

80 i‡(
li°_hód
 =
NULL
Ëli°_hód = 
≤ew
;

81 
p
->
√xt
 = 
≤ew
;

83  
li°_hód
;

84 
	}
}

86 
li°
 * 
	$bubbÀ_s‹t
(
li°
 *
li°_hód
)

88 
∂i°
 
¥e
 = 
NULL
;

89 
∂i°
 
cur
 = 
li°_hód
;

90 
∂i°
 
√xt
 = 
NULL
;

91 
∂i°
 
±
 = 
NULL
;

92 
li°
 
h
;

93 
Êag
 = 1;

95 i‡(
cur
 =
NULL
Ë 
li°_hód
;

97 
h
.
√xt
 = 
li°_hód
;

98 
¥e
 = &
h
;

99 
cur
 = 
¥e
->
√xt
;

100 
√xt
 = 
cur
->next;

102 
h
.
√xt
 !
±
 && 
Êag
)

104 
¥e
 = &
h
;

105 
cur
 = 
¥e
->
√xt
;

106 
√xt
 = 
cur
->next;

108 
Êag
 = 0;

109 
√xt
 !
±
)

111 i‡(
cur
->
d©a
.
i
 > 
√xt
->data.i)

113 
cur
->
√xt
 =Çext->next;

114 
¥e
->
√xt
 =Çext;

115 
√xt
->√xà
cur
;

117 
¥e
 = 
√xt
;

118 
√xt
 = 
cur
->next;

120 
Êag
 = 1;

124 
¥e
 = 
cur
;

125 
cur
 = 
√xt
;

126 
√xt
 =Çext->next;

130 
±
 = 
cur
;

133  
h
.
√xt
;

134 
	}
}

139 
	$maö
(
agrc
, *
agrv
[])

141 
π
 = 0;

142 
∂i°
 
h
 = 
NULL
;

143 
num
 = 99;

145 
h
 = 
	`li°_add
(h, &
num
, ());

146 
num
 = 100;

147 
h
 = 
	`li°_add
(h, &
num
, ());

148 
num
 = 102;

149 
h
 = 
	`li°_add
(h, &
num
, ());

150 
num
 = 101;

151 
h
 = 
	`li°_add
(h, &
num
, ());

152 
	`¥ötf
("sort before:\n");

153 
	`¥öt_li°
(
h
);

154 
h
 = 
	`bubbÀ_s‹t
(h);

155 
	`¥ötf
("sortáfter:\n");

156 
	`¥öt_li°
(
h
);

157 
	`dñ_li°
(
h
);

159  
π
;

160 
	}
}

	@
1
.
0
1
12
list_test.c
