cscope 15 $HOME/working/program/c/get_shell_return -q 0000000021 0000000629
	@get_shell_return.c

1 
	~<°dio.h
>

2 
	~<°dlib.h
>

3 
	~<°rög.h
>

4 
	~<uni°d.h
>

13 
	$gë_shñl_ªtu∫
(c⁄° *
cmd
)

15 
ªsu…
[1024] = {0};

16 
FILE
 *
ÂRód
;

17 
buf
[1024] = {0};

19 i‡(
cmd
 =
NULL
)  -1;

20 
ÂRód
 = 
	`p›í
(
cmd
, "r");

21 
	`fgës
(
buf
,1024-1,
ÂRód
)!=
NULL
)

24 
	`°rˇt
(
ªsu…
, 
buf
);

25 i‡(
	`°æí
(
buf
) > 0)

26 
	`¥ötf
("ªsu…: %s", 
ªsu…
);

28 if(
ÂRód
!=
NULL
)

29 
	`p˛o£
(
ÂRód
);

32 
	}
}

37 
	$maö
(
agrc
, *
agrv
[])

39 
π
 = 0;

40 
	`gë_shñl_ªtu∫
(
agrv
[1]);

42  
π
;

43 
	}
}

	@
1
.
0
1
19
get_shell_return.c
